[audiomotion.dev/demo/multi.html]
[backblue.gif]
[fade.gif]
[index.html]
[audiomotion.dev/demo/styles.css]
[audiomotion.dev/demo/index.html]
[audiomotion.dev/demo/multi.html]
[audiomotion.dev/demo/multi.js]
[audiomotion.dev/demo/media/sealoop.gif]
[audiomotion.dev/demo/styles.css]
[audiomotion.dev/demo/media/discrete.png]
[audiomotion.dev/demo/media/radial.png]
[github.com/hvianna/audioMotion-analyzer/blob/master/demo/multi.html]
[audiomotion.dev/demo/media/dual.png]
[audiomotion.dev/demo/media/leds.png]
[audiomotion.dev/demo/media/lumibars.png]
[audiomotion.dev/demo/media/reflex.png]
[audiomotion.dev/demo/minimal.html]
[audiomotion.dev/demo/fluid.html]
[audiomotion.dev/demo/overlay.html]
[audiomotion.dev/demo/index.html]
[github.githubassets.com/assets/light-a09cef873428.css]
[github.githubassets.com/assets/dark-5d486a4ede8e.css]
[github.githubassets.com/assets/dark_dimmed-27c8d635e4e5.css]
[github.githubassets.com/assets/dark_high_contrast-8438e75afd36.css]
[github.githubassets.com/assets/light_high_contrast-e5868b7374db.css]
[github.githubassets.com/assets/light_tritanopia-299ac9c64ec0.css]
[github.githubassets.com/assets/primer-primitives-6143c8f97ed1.css]
[github.githubassets.com/assets/dark_tritanopia-3a26e78ad0ff.css]
[github.githubassets.com/assets/github-af3c6af5a9a7.css]
[github.githubassets.com/assets/global-d7555a777bd9.css]
[github.githubassets.com/assets/primer-047ee6293fcd.css]
[github.githubassets.com/assets/wp-runtime-bd4a13d3c20a.js]
[github.githubassets.com/assets/code-1fecec11b11c.css]
[github.githubassets.com/assets/vendors-node_modules_stacktrace-parser_dist_stack-trace-parser_esm_js-node_modules_github_bro-a4c183-18bf85b8e9f4.js]
[github.githubassets.com/assets/vendors-node_modules_dompurify_dist_purify_js-64d590970fa6.js]
[github.githubassets.com/assets/environment-509b58e05b9f.js]
[github.githubassets.com/assets/ui_packages_soft-nav_soft-nav_ts-df17d5597d8f.js]
[github.githubassets.com/assets/vendors-node_modules_github_selector-observer_dist_index_esm_js-2646a2c533e3.js]
[github.githubassets.com/assets/vendors-node_modules_primer_behaviors_dist_esm_focus-zone_js-d55308df5023.js]
[github.githubassets.com/assets/vendors-node_modules_github_relative-time-element_dist_index_js-99e288659d4f.js]
[github.githubassets.com/assets/vendors-node_modules_github_filter-input-element_dist_index_js-node_modules_github_remote-inp-d1569f-eb0e0c1e5438.js]
[github.githubassets.com/assets/vendors-node_modules_github_file-attachment-element_dist_index_js-node_modules_primer_view-co-821777-aecaf1b5e5fa.js]
[github.githubassets.com/assets/github-elements-424a6c363e13.js]
[github.githubassets.com/assets/vendors-node_modules_delegated-events_dist_index_js-node_modules_github_auto-complete-element-5b3870-9b38c0812424.js]
[github.githubassets.com/assets/vendors-node_modules_lit-html_lit-html_js-9d9fe1859ce5.js]
[github.githubassets.com/assets/element-registry-d892b58419fa.js]
[github.githubassets.com/assets/vendors-node_modules_github_hydro-analytics-client_dist_analytics-client_js-node_modules_gith-f3aee1-fd3c22610e40.js]
[github.githubassets.com/assets/vendors-node_modules_github_mini-throttle_dist_index_js-node_modules_github_alive-client_dist-bf5aa2-4aefce0fc3c8.js]
[github.githubassets.com/assets/vendors-node_modules_morphdom_dist_morphdom-esm_js-b1fdd7158cf0.js]
[github.githubassets.com/assets/vendors-node_modules_github_remote-form_dist_index_js-node_modules_scroll-anchoring_dist_scro-52dc4b-e1e33bfc0b7e.js]
[github.githubassets.com/assets/vendors-node_modules_color-convert_index_js-35b3ae68c408.js]
[github.githubassets.com/assets/vendors-node_modules_github_paste-markdown_dist_index_esm_js-node_modules_github_quote-select-426751-0153d059d677.js]
[github.githubassets.com/assets/app_assets_modules_github_details-dialog_ts-app_assets_modules_github_fetch_ts-9ca164041015.js]
[github.githubassets.com/assets/app_assets_modules_github_onfocus_ts-app_assets_modules_github_sticky-scroll-into-view_ts-b88dcdb1ae32.js]
[github.githubassets.com/assets/vendors-node_modules_github_turbo_dist_turbo_es2017-esm_js-1f4793023fcd.js]
[github.githubassets.com/assets/app_assets_modules_github_behaviors_task-list_ts-app_assets_modules_github_sso_ts-ui_packages-7d50ad-9491f2be61ee.js]
[github.githubassets.com/assets/app_assets_modules_github_behaviors_commenting_edit_ts-app_assets_modules_github_behaviors_ht-83c235-f22ac6b94445.js]
[github.githubassets.com/assets/app_assets_modules_github_behaviors_ajax-error_ts-app_assets_modules_github_behaviors_include-2e2258-f7b8ad0ef997.js]
[github.githubassets.com/assets/vendors-node_modules_delegated-events_dist_index_js-node_modules_github_catalyst_lib_index_js-06ff531-fe0b8ccc90a5.js]
[github.githubassets.com/assets/app_assets_modules_github_updatable-content_ts-ui_packages_hydro-analytics_hydro-analytics_ts-e4da304b75e7.js]
[github.githubassets.com/assets/notifications-global-f57687007bfc.js]
[github.githubassets.com/assets/code-menu-c743a13234fc.js]
[github.githubassets.com/assets/behaviors-03fc0e2fb4bb.js]
[github.githubassets.com/assets/react-lib-210c4b5934c3.js]
[github.githubassets.com/assets/vendors-node_modules_primer_react_lib-esm_Box_Box_js-8d2713f90c9a.js]
[github.githubassets.com/assets/vendors-node_modules_primer_react_lib-esm_Button_Button_js-node_modules_primer_react_lib-esm_-c2022e-88c4ecff094b.js]
[github.githubassets.com/assets/vendors-node_modules_primer_react_lib-esm_Button_index_js-node_modules_primer_react_lib-esm_O-133b0c-6f42d36f1de7.js]
[github.githubassets.com/assets/vendors-node_modules_primer_react_lib-esm_TextInput_TextInput_js-b86f4e68bb7f.js]
[github.githubassets.com/assets/vendors-node_modules_primer_react_lib-esm_Truncate_Truncate_js-node_modules_primer_react_lib--5d1957-6153f21fb087.js]
[github.githubassets.com/assets/vendors-node_modules_primer_react_lib-esm_ActionList_index_js-2ef65721de15.js]
[github.githubassets.com/assets/vendors-node_modules_primer_behaviors_dist_esm_scroll-into-view_js-node_modules_primer_react_-04bb1b-c16a26e8811a.js]
[github.githubassets.com/assets/vendors-node_modules_primer_react_lib-esm_ActionMenu_ActionMenu_js-54f723818b04.js]
[github.githubassets.com/assets/vendors-node_modules_react-router-dom_dist_index_js-4a785319b497.js]
[github.githubassets.com/assets/vendors-node_modules_primer_react_lib-esm_FormControl_FormControl_js-66072033b955.js]
[github.githubassets.com/assets/vendors-node_modules_primer_react_lib-esm_PageLayout_PageLayout_js-0bc476b118a0.js]
[github.githubassets.com/assets/vendors-node_modules_primer_react_lib-esm_Avatar_Avatar_js-node_modules_primer_react_lib-esm_-164d19-6fcb4b6762d4.js]
[github.githubassets.com/assets/vendors-node_modules_primer_react_lib-esm_Dialog_js-node_modules_primer_react_lib-esm_TabNav_-8321f5-b3cddef78a7e.js]
[github.githubassets.com/assets/vendors-node_modules_primer_react_lib-esm_UnderlineNav2_index_js-4c97d31072c1.js]
[github.githubassets.com/assets/vendors-node_modules_primer_react_lib-esm_BranchName_BranchName_js-node_modules_primer_react_-463c3e-ff8eea0fcaf1.js]
[github.githubassets.com/assets/vendors-node_modules_primer_react_lib-esm_TreeView_TreeView_js-838f9e6cacf9.js]
[github.githubassets.com/assets/vendors-node_modules_primer_react_lib-esm_AvatarStack_AvatarStack_js-node_modules_primer_reac-957af0-12aa4721b5bf.js]
[github.githubassets.com/assets/vendors-node_modules_primer_octicons-react_dist_index_esm_js-node_modules_primer_react_lib-es-3db9ab-258f1f04207a.js]
[github.githubassets.com/assets/ui_packages_react-core_register-app_ts-4c8aa7d9158e.js]
[github.githubassets.com/assets/ui_packages_react-core_create-browser-history_ts-ui_packages_react-core_deferred-registry_ts--ebbb92-f46ec58c6478.js]
[github.githubassets.com/assets/app_assets_modules_github_blob-anchor_ts-app_assets_modules_github_filter-sort_ts-app_assets_-681869-f24eab09c9e6.js]
[github.githubassets.com/assets/react-code-view-34e6e6a0fe71.js]
[github.githubassets.com/assets/ui_packages_ref-selector_RefSelector_tsx-9cbaf85c5199.js]
[github.com/fluidicon.png]
[github.githubassets.com/favicons/favicon.png]
[github.githubassets.com/assets/vendors-node_modules_github_remote-form_dist_index_js-node_modules_delegated-events_dist_inde-94fd67-8311888324b2.js]
[github.githubassets.com/assets/sessions-76b694b87336.js]
[github.githubassets.com/assets/app_assets_modules_react-code-view_pages_CodeView_tsx-f056a12a18e4.js]
[github.com/hvianna/audioMotion-analyzer/blob/master/demo/multi.html]
[github.com/logina281.html]
[github.com/hvianna/audioMotion-analyzer/blob/master/src/audioMotion-analyzer.html]
[audiomotion.dev/demo/minimal.html]
[audiomotion.dev/demo/media/lumibars.png]
[audiomotion.dev/demo/media/dual.png]
[github.com/hvianna/audioMotion-analyzer/blob/master/demo/fluid.html]
[audiomotion.dev/demo/fluid.html]
[audiomotion.dev/demo/fluid.js]
[audiomotion.dev/demo/media/night-mist.mp4]
[github.com/hvianna/audioMotion-analyzer/blob/master/demo/overlay.html]
[audiomotion.dev/demo/overlay.html]
[audiomotion.dev/demo/overlay.js]
[github.githubassets.com/assets/light-a09cef873428.css]
[github.githubassets.com/assets/dark-5d486a4ede8e.css]
[github.githubassets.com/assets/dark_dimmed-27c8d635e4e5.css]
[github.githubassets.com/assets/dark_high_contrast-8438e75afd36.css]
[github.githubassets.com/assets/light_colorblind-c414b5ba1dce.css]
[github.githubassets.com/assets/dark_colorblind-bf5665b96628.css]
[github.githubassets.com/assets/light_high_contrast-e5868b7374db.css]
[github.githubassets.com/assets/light_tritanopia-299ac9c64ec0.css]
[github.githubassets.com/assets/dark_tritanopia-3a26e78ad0ff.css]
[github.githubassets.com/assets/primer-primitives-6143c8f97ed1.css]
[github.githubassets.com/assets/primer-047ee6293fcd.css]
[github.githubassets.com/images/spinners/octocat-spinner-16px-EAF2F5.gif]
[github.githubassets.com/images/spinners/octocat-spinner-32-EAF2F5.gif]
[github.githubassets.com/images/modules/pagehead/background-yellowhatch-v3.png]
[github.githubassets.com/images/spinners/octocat-spinner-16px.gif]
[github.githubassets.com/images/modules/ajax/success.png]
[github.githubassets.com/images/modules/ajax/error.png]
[github.githubassets.com/images/spinners/octocat-spinner-32.gif]
[github.githubassets.com/images/modules/ajax/success@2x.png]
[github.githubassets.com/images/modules/ajax/error@2x.png]
[github.githubassets.com/assets/global-d7555a777bd9.css]
[github.githubassets.com/images/spinners/octocat-spinner-64.gif]
[github.githubassets.com/images/modules/dependency-graph/ds-actions-prompt-banner-mobile.png]
[github.githubassets.com/images/modules/dependency-graph/ds-actions-prompt-banner.png]
[github.githubassets.com/images/modules/dependency-graph/ds-actions-prompt-banner-mobile-dark.png]
[github.githubassets.com/images/modules/dependency-graph/ds-actions-prompt-banner-dark.png]
[github.githubassets.com/images/modules/commit/trans_bg.gif]
[github.githubassets.com/images/spinners/octocat-spinner-128.gif]
[github.githubassets.com/images/modules/memexes/projects-beta-banner-mobile.png]
[github.githubassets.com/images/modules/memexes/projects-beta-banner.png]
[github.githubassets.com/images/modules/memexes/projects-beta-banner-dark.png]
[github.githubassets.com/images/modules/site/sponsors/heart-explosion.png]
[github.githubassets.com/assets/github-af3c6af5a9a7.css]
[github.githubassets.com/assets/code-1fecec11b11c.css]
[github.githubassets.com/assets/vendors-node_modules_primer_behaviors_dist_esm_dimensions_js-node_modules_delegated-events_di-94a48b-f9e5146929c3.js]
[github.githubassets.com/assets/vendors-node_modules_virtualized-list_es_index_js-node_modules_github_template-parts_lib_index_js-677582870bfd.js]
[github.githubassets.com/assets/vendors-node_modules_github_remote-form_dist_index_js-node_modules_github_catalyst_lib_index_-7a61950-652988b53689.js]
[github.githubassets.com/assets/vendors-node_modules_github_filter-input-element_dist_index_js-node_modules_github_mini-throt-40d40d-6e72ee4b2241.js]
[github.githubassets.com/assets/app_assets_modules_github_ref-selector_ts-0e2b12902d39.js]
[github.githubassets.com/assets/app_assets_modules_github_onfocus_ts-app_assets_modules_github_settings_actions-policy-form_t-884e05-69798a92c184.js]
[github.githubassets.com/assets/signup-9197d41c14b1.js]
[github.githubassets.com/assets/app_assets_modules_github_filter-input_ts-23ff0b151d3a.js]
[github.githubassets.com/assets/settings-99653154a4d3.js]
[github.com/opensearch.xml]
[github.com/manifest.json]
[github.com/login.html]
[github.com/password_reset.html]
[github.com/logine7b6.html]
[github.com/signup0407.html]
[github.com/logina281.html]
[github.com/hvianna/audioMotion-analyzer/blob/master/src/audioMotion-analyzer.html]
[github.com/hvianna/audioMotion-analyzer/blob/master/demo/fluid.html]
[github.com/login00cc.html]
[github.com/hvianna/audioMotion-analyzer/blob/master/demo/overlay.html]
[github.com/login7aea.html]
[github.com/loginf59e.html]
[github.githubassets.com/assets/dark_colorblind-bf5665b96628.css]
[github.githubassets.com/assets/light_colorblind-c414b5ba1dce.css]
[github.com/login.html]
[github.com/logine7b6.html]
[github.githubassets.com/apple-touch-icon.png]
[github.githubassets.com/apple-touch-icon-180x180.png]
[github.com/password_reset.html]
[github.com/signup19d0.html]
[github.com/signup3060.html]
[github.githubassets.com/assets/signup-7e1ca87bf103.css]
[github.githubassets.com/assets/optimizely-b8ae60018b11.js]
[github.githubassets.com/assets/signup-redesign-a838e9ddee81.js]
[github.githubassets.com/assets/site-c4886149a816.css]
[github.githubassets.com/images/modules/signup/launch_codes/launch-codes-mona-fallback@1x.jpg]
[github.githubassets.com/assets/vendors-node_modules_optimizely_optimizely-sdk_dist_optimizely_browser_es_min_js-node_modules-089adc-2328ba323205.js]
[github.githubassets.com/assets/home-9441872b9454.css]
[github.com/email_validity_checks.9e.delayed]
[github.com/password_validity_checks.9f.delayed]
[github.com/signup_check/username.a0.delayed]
[github.com/signup0407.html]
[github.com/login00cc.html]
[github.com/signup51f1.html]
[github.com/loginf59e.html]
[github.com/signup3993.html]
[github.com/login7aea.html]
[github.com/signup3060.html]
[github.com/signup19d0.html]
[github.com/signup4bd9.html]
[github.com/login9be0.html]
[github.githubassets.com/images/modules/signup/launch_codes/bg.jpg]
[github.githubassets.com/assets/signup-7e1ca87bf103.css]
[github.githubassets.com/assets/site-c4886149a816.css]
[github.githubassets.com/assets/home-9441872b9454.css]
[github.com/email_validity_checks.html]
[github.com/password_validity_checks.html]
[github.com/signup_check/username.html]
[github.com/signup51f1.html]
[github.com/signup3993.html]
[github.com/signup4bd9.html]
[github.com/login9be0.html]
[github.com/signup0e38.html]
[github.com/signup0e38.html]
